// Jest Snapshot v1, https://goo.gl/fbAQLP

exports[`should render Header correcly 1`] = `
<div>
  <header>
    Expensify App
  </header>
  <nav>
    <NavLink
      activeClassName="is-active"
      exact={true}
      to="/"
    >
      Home
    </NavLink>
    <NavLink
      activeClassName="is-active"
      to="/create"
    >
      Create
    </NavLink>
    <NavLink
      activeClassName="is-active"
      to="/help"
    >
      Help
    </NavLink>
  </nav>
</div>
`;
